
> os-notes-web@0.1.0 prebuild
> node scripts/clean-dist.mjs

node.exe : node:fs:1236
At line:1 char:1
+ & "C:\Program Files\nodejs/node.exe" "C:\Program Files\nodejs/node_m
o ...
+ ~~~~~~~~~~~~~~~~~~~~~~~~~~~~~~~~~~~~~~~~~~~~~~~~~~~~~~~~~~~~~~~~~~~~
~
    + CategoryInfo          : NotSpecified: (node:fs:1236:String) [], 
    RemoteException
    + FullyQualifiedErrorId : NativeCommandError
 
  return binding.rmSync(getValidatedPath(path), opts.maxRetries, opts.
recursive, opts.retryDelay);
                 ^

Error: EPERM, Permission denied: \\?\D:\Desktop\OS\better-os-note\dist
 '\\?\D:\Desktop\OS\better-os-note\dist'
    at Object.rmSync (node:fs:1236:18)
    at file:///D:/Desktop/OS/better-os-note/scripts/clean-dist.mjs:12:
4
    at ModuleJob.run (node:internal/modules/esm/module_job:377:25)
    at async onImport.tracePromise.__proto__ (node:internal/modules/es
m/loader:671:26)
    at async asyncRunEntryPointWithESMLoader (node:internal/modules/ru
n_main:101:5) {
  errno: 1,
  code: 'EPERM',
  path: '\\\\?\\D:\\Desktop\\OS\\better-os-note\\dist',
  syscall: 'rm'
}

Node.js v24.11.1
